/* krml header omitted for test repeatability */


#include "Bug356.h"

uint32_t Bug356_test(bool b)
{
  if (b)
    return 1U;
  else
  {
    KRML_HOST_EPRINTF("KaRaMeL abort at %s:%d\n%s\n", __FILE__, __LINE__, "");
    KRML_HOST_EXIT(255U);
  }
}

uint32_t Bug356_test_final_admit(bool b)
{
  if (b)
    return 1U;
  else
  {
    KRML_HOST_EPRINTF("KaRaMeL abort at %s:%d\n%s\n", __FILE__, __LINE__, "");
    KRML_HOST_EXIT(255U);
  }
}

