>> Got issues: [
* Error 19 at MatchBasic.fst(154,2-156,3):
  - Could not verify that this match is exhaustive.
  - Patterns are incomplete
  - The SMT solver could not prove the query. Use --query_stats for more
    details.
  - Also see: MatchBasic.fst(154,8-154,10)
  - Other related locations: dummy(0,0-0,0)

>>]
