/* krml header omitted for test repeatability */


#include "Null.h"

krml_checked_int_t *Null_x = NULL;

krml_checked_int_t *Null_y(void)
{
  return NULL;
}

krml_checked_int_t *Null_foo(void)
{
  return NULL;
}

krml_checked_int_t Null_test(krml_checked_int_t *x1)
{
  if (x1 == NULL)
    return (krml_checked_int_t)0;
  else
    return *x1;
}

