* Warning <unknown> at RewriteNopWarning.fst(11,1-12,21):
  - No rewrites performed.
  - Rewriting in:
      RewriteNopWarning.foo 1

* Warning <unknown> at RewriteNopWarning.fst(18,1-19,22):
  - No rewrites performed.
  - Rewriting in:
      RewriteNopWarning.foo y ** RewriteNopWarning.foo 1

