* Info at Bug107.fst(45,9-45,16):
  - Expected failure:
  - Could not resolve implicit uu___#86 of type Prims.int in term Bug107.foo 1 _

* Info at Bug107.fst(56,9-56,16):
  - Expected failure:
  - Could not resolve implicit uu___#86 of type Prims.int in term Bug107.foo _ 2

