>> Got issues: [
* Error 228 at Bug274.fst(31,4-31,15):
  - Cannot prove:
      _ @==> _ ** _ @==> _
  - In the context:
      p @==> q ** q @==> r

>>]
>> Got issues: [
* Error 228 at Bug274.fst(43,4-43,15):
  - Cannot prove:
      _ @==> _ ** _ @==> _
  - In the context:
      p @==> q ** q @==> r

>>]
>> Got issues: [
* Error 228 at Bug274.fst(77,4-77,12):
  - Cannot prove:
      _ ** _ @==> _
  - In the context:
      p ** p @==> q ** r @==> r

>>]
