>> Got issues: [
* Error 19 at Bug266.fst(12,2-12,14):
  - Failed to prove pure property: Prims.l_False
  - Assertion failed
  - The SMT solver could not prove the query. Use --query_stats for more
    details.
  - See also Bug266.fst(12,31-12,36)

>>]
* Info at Bug266.fst(28,2-28,9):
  - Admitting continuation.
  - Current context:
      emp
  - In typing environment:
      _#118 :
        Pulse.Lib.Core.stt_ghost Prims.unit
          Pulse.Lib.Core.emp_inames
          (Pulse.Lib.Core.pure Prims.l_False)
          Bug266.post,
      uu___0#57 : Prims.unit

