* Info at Bug45.fst(54,0-68,1):
  - Expected failure:
  - Tactic failed
  - Internal error: unexpected unresolved (universe) uvar in deep_compress: 75

